Script started on 2024-01-15 05:15:42+05:30
[1m[7m%[27m[1m[0m                                                                                  [0m[27m[24m[Jmesa@mesadeMBP todo-backend % [K[?2004hddocker exec -it todo-backend-redis-1 bash[?2004l
[?2004hroot@18f223fca642:/data# KEYS *
[?2004lbash: KEYS: command not found
[?2004hroot@18f223fca642:/data# redis  -cli
[?2004l127.0.0.1:6379> [0K127.0.0.1:6379> K[17C[0K127.0.0.1:6379> KE[18C[0K127.0.0.1:6379> KEY[19C[0K127.0.0.1:6379> KEYS[20C[0K127.0.0.1:6379> KEYS [0;90;49mpattern[0m[21C[0K127.0.0.1:6379> KEYS *[0;90;49m pattern[0m[22C[0K127.0.0.1:6379> KEYS *[22C
1) "added_todos"
127.0.0.1:6379> [0K127.0.0.1:6379> g[17C[0K127.0.0.1:6379> ge[18C[0K127.0.0.1:6379> get[19C[0K127.0.0.1:6379> get [0;90;49mkey[0m[20C[0K127.0.0.1:6379> get a[0;90;49m key[0m[21C[0K127.0.0.1:6379> get ad[0;90;49m key[0m[22C[0K127.0.0.1:6379> get add[0;90;49m key[0m[23C[0K127.0.0.1:6379> get adde[0;90;49m key[0m[24C[0K127.0.0.1:6379> get added[0;90;49m key[0m[25C[0K127.0.0.1:6379> get added_[0;90;49m key[0m[26C[0K127.0.0.1:6379> get added_t[0;90;49m key[0m[27C[0K127.0.0.1:6379> get added_to[0;90;49m key[0m[28C[0K127.0.0.1:6379> get added_tod[0;90;49m key[0m[29C[0K127.0.0.1:6379> get added_todo[0;90;49m key[0m[30C[0K127.0.0.1:6379> get added_todos[0;90;49m key[0m[31C[0K127.0.0.1:6379> get added_todos[31C
"1"
127.0.0.1:6379> [0K127.0.0.1:6379> s[17C[0K127.0.0.1:6379> se[18C[0K127.0.0.1:6379> set[19C[0K127.0.0.1:6379> set [0;90;49mkey value [NX|XX] [GET] [EX seconds|PX milliseconds|EXAT unix-[0m[20C[0K127.0.0.1:6379> set a[0;90;49m key value [NX|XX] [GET] [EX seconds|PX milliseconds|EXAT uni[0m[21C[0K127.0.0.1:6379> set ad[0;90;49m key value [NX|XX] [GET] [EX seconds|PX milliseconds|EXAT un[0m[22C[0K127.0.0.1:6379> set add[0;90;49m key value [NX|XX] [GET] [EX seconds|PX milliseconds|EXAT u[0m[23C[0K127.0.0.1:6379> set adde[0;90;49m key value [NX|XX] [GET] [EX seconds|PX milliseconds|EXAT [0m[24C[0K127.0.0.1:6379> set added[0;90;49m key value [NX|XX] [GET] [EX seconds|PX milliseconds|EXAT[0m[25C[0K127.0.0.1:6379> set added_[0;90;49m key value [NX|XX] [GET] [EX seconds|PX milliseconds|EXA[0m[26C[0K127.0.0.1:6379> set added_t[0;90;49m key value [NX|XX] [GET] [EX seconds|PX milliseconds|EX[0m[27C[0K127.0.0.1:6379> set added_to[0;90;49m key value [NX|XX] [GET] [EX seconds|PX milliseconds|E[0m[28C[0K127.0.0.1:6379> set added_tod[0;90;49m key value [NX|XX] [GET] [EX seconds|PX milliseconds|[0m[29C[0K127.0.0.1:6379> set added_todo[0;90;49m key value [NX|XX] [GET] [EX seconds|PX milliseconds[0m[30C[0K127.0.0.1:6379> set added_todos[0;90;49m key value [NX|XX] [GET] [EX seconds|PX millisecond[0m[31C[0K127.0.0.1:6379> set added_todos [0;90;49mvalue [NX|XX] [GET] [EX seconds|PX milliseconds|EX[0m[32C[0K127.0.0.1:6379> set added_todos 9[0;90;49m value [NX|XX] [GET] [EX seconds|PX milliseconds|[0m[33C[0K127.0.0.1:6379> set added_todos 90[0;90;49m value [NX|XX] [GET] [EX seconds|PX milliseconds[0m[34C[0K127.0.0.1:6379> set added_todos 900[0;90;49m value [NX|XX] [GET] [EX seconds|PX millisecond[0m[35C[0K127.0.0.1:6379> set added_todos 9001[0;90;49m value [NX|XX] [GET] [EX seconds|PX millisecon[0m[36C[0K127.0.0.1:6379> set added_todos 9001[36C
OK
127.0.0.1:6379> [0K127.0.0.1:6379> g[17C[0K127.0.0.1:6379> ge[18C[0K127.0.0.1:6379> get[19C[0K127.0.0.1:6379> get [0;90;49mkey[0m[20C[0K127.0.0.1:6379> get a[0;90;49m key[0m[21C[0K127.0.0.1:6379> get ad[0;90;49m key[0m[22C[0K127.0.0.1:6379> get add[0;90;49m key[0m[23C[0K127.0.0.1:6379> get adde[0;90;49m key[0m[24C[0K127.0.0.1:6379> get added[0;90;49m key[0m[25C[0K127.0.0.1:6379> get added_[0;90;49m key[0m[26C[0K127.0.0.1:6379> get added_t[0;90;49m key[0m[27C[0K127.0.0.1:6379> get added_to[0;90;49m key[0m[28C[0K127.0.0.1:6379> get added_tod[0;90;49m key[0m[29C[0K127.0.0.1:6379> get added_todo[0;90;49m key[0m[30C[0K127.0.0.1:6379> get added_todos[0;90;49m key[0m[31C[0K127.0.0.1:6379> get added_todos[31C
"9001"
127.0.0.1:6379> [0K127.0.0.1:6379> g[17C[0K127.0.0.1:6379> ge[18C[0K127.0.0.1:6379> get[19C[0K127.0.0.1:6379> get [0;90;49mkey[0m[20C[0K127.0.0.1:6379> get a[0;90;49m key[0m[21C[0K127.0.0.1:6379> get ad[0;90;49m key[0m[22C[0K127.0.0.1:6379> get add[0;90;49m key[0m[23C[0K127.0.0.1:6379> get adde[0;90;49m key[0m[24C[0K127.0.0.1:6379> get added[0;90;49m key[0m[25C[0K127.0.0.1:6379> get added_[0;90;49m key[0m[26C[0K127.0.0.1:6379> get added_t[0;90;49m key[0m[27C[0K127.0.0.1:6379> get added_to[0;90;49m key[0m[28C[0K127.0.0.1:6379> get added_tod[0;90;49m key[0m[29C[0K127.0.0.1:6379> get added_todo[0;90;49m key[0m[30C[0K127.0.0.1:6379> get added_todos[0;90;49m key[0m[31C[0K127.0.0.1:6379> get added_todos[31C
"9002"
127.0.0.1:6379> [0K127.0.0.1:6379> d[17C[0K127.0.0.1:6379> de[18C[0K127.0.0.1:6379> del[19C[0K127.0.0.1:6379> del [0;90;49mkey [key ...][0m[20C[0K127.0.0.1:6379> del a[0;90;49m key [key ...][0m[21C[0K127.0.0.1:6379> del ad[0;90;49m key [key ...][0m[22C[0K127.0.0.1:6379> del add[0;90;49m key [key ...][0m[23C[0K127.0.0.1:6379> del adde[0;90;49m key [key ...][0m[24C[0K127.0.0.1:6379> del added[0;90;49m key [key ...][0m[25C[0K127.0.0.1:6379> del added_[0;90;49m key [key ...][0m[26C[0K127.0.0.1:6379> del added_t[0;90;49m key [key ...][0m[27C[0K127.0.0.1:6379> del added_to[0;90;49m key [key ...][0m[28C[0K127.0.0.1:6379> del added_tod[0;90;49m key [key ...][0m[29C[0K127.0.0.1:6379> del added_todo[0;90;49m key [key ...][0m[30C[0K127.0.0.1:6379> del added_todos[0;90;49m key [key ...][0m[31C[0K127.0.0.1:6379> del added_todos[31C
(integer) 1
127.0.0.1:6379> [0K127.0.0.1:6379> K[17C[0K127.0.0.1:6379> KE[18C[0K127.0.0.1:6379> KEY[19C[0K127.0.0.1:6379> KEYS[20C[0K127.0.0.1:6379> KEYS [0;90;49mpattern[0m[21C[0K127.0.0.1:6379> KEYS *[0;90;49m pattern[0m[22C[0K127.0.0.1:6379> KEYS *[22C
(empty array)
127.0.0.1:6379> [0K127.0.0.1:6379> g[17C[0K127.0.0.1:6379> ge[18C[0K127.0.0.1:6379> get[19C[0K127.0.0.1:6379> ge[18C[0K127.0.0.1:6379> g[17C[0K127.0.0.1:6379> [16C[0K127.0.0.1:6379> K[17C[0K127.0.0.1:6379> KE[18C[0K127.0.0.1:6379> KEY[19C[0K127.0.0.1:6379> KEYS[20C[0K127.0.0.1:6379> KEYS [0;90;49mpattern[0m[21C[0K127.0.0.1:6379> KEYS *[0;90;49m pattern[0m[22C[0K127.0.0.1:6379> KEYS *[22C
1) "added_todos"
127.0.0.1:6379> [0K127.0.0.1:6379> g[17C[0K127.0.0.1:6379> ge[18C[0K127.0.0.1:6379> get[19C[0K127.0.0.1:6379> get [0;90;49mkey[0m[20C[0K127.0.0.1:6379> get a[0;90;49m key[0m[21C[0K127.0.0.1:6379> get ad[0;90;49m key[0m[22C[0K127.0.0.1:6379> get add[0;90;49m key[0m[23C[0K127.0.0.1:6379> get adde[0;90;49m key[0m[24C[0K127.0.0.1:6379> get added[0;90;49m key[0m[25C[0K127.0.0.1:6379> get added_[0;90;49m key[0m[26C[0K127.0.0.1:6379> get added_t[0;90;49m key[0m[27C[0K127.0.0.1:6379> get added_to[0;90;49m key[0m[28C[0K127.0.0.1:6379> get added_tod[0;90;49m key[0m[29C[0K127.0.0.1:6379> get added_todo[0;90;49m key[0m[30C[0K127.0.0.1:6379> get added_todos[0;90;49m key[0m[31C[0K127.0.0.1:6379> get added_todos[31C
"1"
127.0.0.1:6379> [0K127.0.0.1:6379> e[17C[0K127.0.0.1:6379> ex[18C[0K127.0.0.1:6379> exi[19C[0K127.0.0.1:6379> exit[20C[0K127.0.0.1:6379> exit[20C
[?2004hroot@18f223fca642:/data# exit
[?2004lexit
[1m[7m%[27m[1m[0m                                                                                  [0m[27m[24m[Jmesa@mesadeMBP todo-backend % [K[?2004heexit[?2004l

Script done on 2024-01-15 05:25:32+05:30
	